// Jest Snapshot v1, https://goo.gl/fbAQLP

exports[`Overview component should render should have overview component in browser 1`] = `
<div
  className="overview"
>
  <div
    className="leftCt"
  >
    <div
      className="image-holder"
    >
      <div
        className="fixed-selector"
      >
        <div
          className="styleSelector"
        />
      </div>
    </div>
  </div>
  <div
    className="rightCt"
  >
     right container
  </div>
</div>
`;

exports[`component should render should have overview component in browser 1`] = `
<div
  className="overview"
>
  <div
    className="leftCt"
  >
    <div
      className="image-holder"
    >
      <div
        className="fixed-selector"
      >
        <div
          className="styleSelector"
        />
      </div>
    </div>
  </div>
  <div
    className="rightCt"
  >
     right container
  </div>
</div>
`;

exports[`component should render should have overview component in browser 2`] = `
<div
  className="overview"
>
  <div
    className="leftCt"
  >
    <div
      className="image-holder"
    >
      <div
        className="fixed-selector"
      >
        <div
          className="styleSelector"
        />
      </div>
    </div>
  </div>
  <div
    className="rightCt"
  >
     right container
  </div>
</div>
`;
