// Jest Snapshot v1, https://goo.gl/fbAQLP

exports[`Related Products Component renders initially 1`] = `
<div
  className="relatedProducts"
>
  <br />
  <h2>
    Related Products
  </h2>
  <div />
  <div
    className="relatedProductCarouselContainer"
  >
    <div
      className="productCarousel"
    >
      <div
        style={
          Object {
            "display": "flex",
            "justifyContent": "left",
            "padding": "2rem",
            "width": 0,
          }
        }
      />
    </div>
  </div>
  <br />
  <h2>
    Your Outfit
  </h2>
  <div
    className="outfitCarouselContainer"
  >
    <div
      className="productCarousel"
    >
      <div
        style={
          Object {
            "display": "flex",
            "justifyContent": "left",
            "width": 400,
          }
        }
      >
        <div
          className="productCard"
        >
          <button
            id="addButton"
            onClick={[Function]}
            varian="outline-primary"
          >
             + 
          </button>
        </div>
        <div
          className="productCard"
        >
          <button
            id="deleteButton"
            onClick={[Function]}
            value={64622}
          >
            X
          </button>
          <img
            alt="Photo"
            className="productImage"
            src="https://i.pinimg.com/originals/2d/38/62/2d3862abf214ecdb6a1c231e035c1796.jpg"
          />
          <p
            className="category"
          />
          <a
            className="cardtitle 64622"
          >
            <b>
              
            </b>
          </a>
          <p
            className="default-price"
          >
            $ 
            $$$
          </p>
        </div>
      </div>
    </div>
  </div>
  <br />
</div>
`;
